ok - reap re-sends a lost SIGTERM, so the watcher exits through its own cleanup instead of hanging the suite
tests/fm-watch-triage.test.sh: line 237: 61063 Killed: 9               bash -c 'trap "" TERM; : > "$1/ready"; while :; do sleep 0.1; done' _ "$dir"
ok - reap gives up on a watcher that ignores SIGTERM within its bound, kills it, and fails naming it
ok - status_span_has_actionable: benign absorbed, captain events surfaced, classified events not re-fired
ok - an actionable event is not hidden by later routine appends, and is named as itself
ok - span classification retires closed decisions and surfaces rejected transitions for reconciliation
ok - a malformed seen signature causes the whole status log to be classified
ok - stale_is_terminal: terminal status surfaces, non-terminal and no-status are benign
ok - classifier primitives: keyed decisions and activity phases, captain relevance, window-to-task, and overrides
ok - crew_is_provably_working: only working+run-step/pane is provable; idle/finished/parked/failed/unknown surface
ok - status_is_paused: only the leading paused verb matches, paused is not captain-relevant, and the two declared-wait verbs stay separable
ok - crew_absorb_class: working/paused/none from one read; crew_is_paused and crew_is_provably_working agree
ok - crew_worktree_written_since: real writes are evidence; no worktree, no anchor, quiet trees, .git churn and a mate's own home are not
ok - an empty FM_WORKTREE_WRITE_PRUNE widens the probe to the whole depth-bounded tree instead of disabling it
ok - an empty FM_WORKTREE_WRITE_PRUNE exported into the environment prunes nothing, widening the probe
ok - the worktree write probe is wall-clock bounded, and hitting the bound reads as no write evidence
ok - signal_crew_provably_working: benign only when every referenced crew is provably working
ok - a secondmate's status signal is never absorbed as provably working; crewmates are unaffected
ok - a no-verb signal whose crew is provably working is absorbed (no exit, no queue, suppressor advanced, beacon present)
ok - a bare turn-end whose crew is provably working (busy pane) is absorbed
ok - a bare turn-end whose crew is not provably working is surfaced (the swallowed-finish fix)
ok - a bare turn-end from a pane that churned since the previous poll is absorbed
ok - pane churn starts a fresh stale-classification interval before a stopped render returns
ok - pane churn resets prior wedge escalation state before the stale-path poll
ok - a bare turn-end from a pane unchanged since the previous poll still surfaces
ok - a bare turn-end backed by a malformed prior hash surfaces
ok - a bare turn-end backed by a newline-terminated prior hash surfaces
ok - a churning secondmate turn-end surfaces without a stale resurface path
ok - a turn-end whose marker key matches another recorded endpoint surfaces
ok - two metadata records sharing one endpoint make churn evidence ambiguous
ok - a batch may satisfy positive evidence independently per task
ok - per-task evidence composition stays off until the home opts in
ok - a status-bearing batch never falls through to pane-churn evidence
ok - pane-churn turn-end absorb is off until a home opts in
ok - a perpetually churning pane surfaces once its bounded deferral window is spent
ok - an unrecordable pane-churn deadline surfaces the turn-end
ok - an invalid pane-churn bound surfaces the turn-end
ok - an oversized pane-churn bound surfaces the turn-end
ok - invalid existing pane-churn deadlines surface without mutation
ok - a surfaced batch opens no partial pane-churn deadline
ok - a no-verb working: note whose crew is idle with no running pipeline is surfaced
ok - a secondmate's status note surfaces even while its own agent is busy
ok - a self-announced close never wakes its own home, and the next real note still does
ok - captain-relevant signal is surfaced (queue + exit) and marked surfaced
ok - a needs-decision signal row's queued payload is marked needs-decision: for branch exclusion
ok - a reconciliation-required needs-decision row's queued payload is still marked needs-decision:
ok - a captain-held signal stays actionable while the crew is still working
ok - a pending-reply second-mate escalation is marked for main-only routing
ok - an ordinary blocked event remains branch-eligible
ok - a routine event containing a needs-decision phrase keeps its ordinary payload, unmarked
ok - a captain event hidden behind a later routine append is still surfaced (queue + exit)
ok - a finished release reported before routine cleanup chatter is still surfaced
ok - a routine append after an already-classified event is absorbed (no re-wake)
ok - unreadable status reports are bounded without advancing classification
ok - permission recovery surfaces content from the unadvanced position
ok - a stale pane sitting on a terminal status is surfaced (queue + exit)
ok - a stale terminal-looking status is overridden and absorbed while a run is actively working, then wedge-escalated
ok - provably-working non-terminal stale is absorbed on first sight, then wedge-escalated past the threshold
ok - consecutive wedge escalations on the same pane accumulate and demand deep inspection at the threshold
ok - a pane becoming active again resets the consecutive wedge-escalation counter
ok - a task awaiting landing raises no stale alarm, stopped or alive, while the same pane unacknowledged still does
ok - a task awaiting landing never enters the wedge ladder: its escalation counter stays at zero through both entrances
ok - status_declared_line folds notes, resolutions, and the decisions and keyed waits they closed, and nothing else
ok - a stopped worker's declared wait survives a later resolution, while open work with no standing wait still alarms
ok - a wedged task that is not awaiting landing still alarms and still escalates, near misses included
ok - a validated ahead head on a stopped worker raises no stale wake; an unvouched or behind head still does, with a log line
ok - a validated rebased head on a stopped worker raises no stale wake; an unvouched one and a real wedge still do
ok - a busy worker below the turn-age bound remains working with no escalation
ok - a busy worker with a stable pane hash still escalates once its completed-turn age reaches the bound
ok - a busy worker whose pane hash changes every poll still escalates once its completed-turn age reaches the bound
ok - touching a busy worker's completed-turn marker resets the age and prevents an old-age escalation
ok - native progress resets busy age without a completed turn or notification
ok - repeated busy turn-age escalations reuse the existing escalation counter and demand deep inspection at the threshold
ok - the production default busy-turn-age bound is 3600s (5min under does not wedge, 66min over does)
ok - a busy pane under a declared pause is rechecked on the long cadence, and lifting the pause restores the wedge escalation
ok - away mode hands a busy declared pause to the daemon as a plain stale, and lifting the declaration restores the wedge escalation
ok - away mode wakes the daemon once per declaration for a busy pane whose footer ticks on every capture
ok - a not-provably-working non-terminal stale is surfaced immediately (never left to wait out the timer)
ok - a declared pause is absorbed on first sight, then re-surfaced as a recheck past the threshold, never wedge-escalated
ok - exited declared-pause and captain-held panes use bounded pause cadence while a live decision gate still surfaces once
ok - a live worker's declared wait, behind the build lock's own lines, never raises a bare stale alarm within the cadence
ok - absorbed paused and captain-held replacements each start their own re-surface cadence
ok - a parked live worker surfaces once, absorbs pane churn for the whole re-surface window, then re-surfaces when it elapses
ok - a live paused worker stays absorbed until its declared time, then rechecks
ok - work under an open captain call surfaces once, absorbs pane churn, then re-surfaces when the window elapses
ok - a stale window with no open captain call keeps alarming on every new hash
ok - a wake that never reached the durable queue arms no re-surface throttle
ok - a released-then-re-held task is a distinct captain call whose first sight still alarms
ok - a declared paused secondmate re-surfaces on the bounded normal-mode cadence
ok - a captain-held secondmate re-surfaces on the bounded normal-mode cadence
ok - a non-paused secondmate retains normal stale suppression
ok - a resumed secondmate clears pause and stale tracking before stale exemption
ok - unchanged stale hashes reclassify when a crew enters or leaves pause
ok - a declared pause an active no-mistakes run confirms holds the long pause cadence instead of resuming wedge tracking
ok - a declared pause an active run confirms holds the pause cadence and re-arms past PAUSE_RESURFACE_SECS as a recheck, never a wedge
ok - a dead agent behind a declared pause still wedge-escalates even while the run record reads working
ok - matching non-terminal stale suppressors repair missing or corrupt stale-since timers
ok - a quiet pane writing its own worktree is deferred, while one writing nothing still wedge-escalates on the unchanged schedule
ok - crew_task_shell_running: a live hold is attributed to the worktree that took it; a mate's home, a missing worktree, a dead holder's surviving record and a prefix-sharing sibling worktree are all no evidence
ok - status_wait_subject_class: a pid, a build slot, a run id, a URL, a path or a clearing time is checkable; a harness-internal job id is not, with or without a declared time
ok - a turn that ends with a task-owned run in flight is held off the wedge ladder, then reported as an uncollected result the moment that run is gone
ok - a per-script runner between two build-slot holds is held as a live run, and reported finished only once the run itself has ended
ok - a hold taken inside its terminal's foreground group is never mistaken for a run, so its end is still reported at once
ok - a lane runner whose hold ends inside the watcher's own read is still one live run between holds, and reported finished once it has ended
ok - a run that ends right after the watcher reads its hold is still reported finished at once
ok - a lane that is not POSITIVELY idle keeps the ordinary wedge ladder, however much work its worktree holds
ok - a declared wait whose agent is present is left alone through the busy door too, and records nothing that could later read as uncollected
ok - an unverifiable declared wait keeps its bounded recheck and is annotated as uncheckable, while a checkable wait and a captain-held transfer read exactly as before
ok - an idle worker with no run of its own and no declared wait still reaches the ordinary wedge ladder
ok - a write deferral re-surfaces once on the bounded pause cadence, so a churning worktree cannot stay invisible
ok - a secondmate's own home supervision churn is not crew write evidence, so a pane recording that home keeps the unchanged escalation schedule
ok - an idle-window timer repair drops a finished write-deferral chain, so the next deferral gets a fresh re-surface window
ok - both first-sight paths through a captain-relevant status drop a finished write-deferral chain with the idle window
ok - triage log capping handles wc byte counts with leading spaces
ok - a captured process-event result wakes a healthy watcher proactively, with no manual drain
ok - an unacknowledged process-event result re-drains until handling is acknowledged
ok - complete process-event queue keys map to distinct seen markers
ok - process-event queue keys surface under their own headlines
ok - every launch-failure episode is delivered under the failed-to-start headline
WAKE_ACK_REQUIRED: after handling completes run bin/fm-wake-drain.sh --ack-through 1 --recovery-generation 68519.1790184576.Dn81R3
ok - queue revalidation, proactive output, and marker commit serialize with drain
/Users/marano/.no-mistakes/worktrees/2d7095a62a33/01M37KXXDRB9SDTXSC2PZAJV3V/bin/fm-push-transition-lib.sh: line 96: echo: write error: Broken pipe
tests/wake-helpers.sh: line 308: 70713 Killed: 9               PATH="$dir/fakebin:$PATH" FM_HOME="$dir" FM_PROCEVENT_CLAIM_ROOT="$dir/claims" FM_CREW_STATE_BIN="$dir/fakebin/fm-crew-state.sh" FM_POLL=0.2 FM_SIGNAL_GRACE=1 FM_CHECK_INTERVAL=999999 FM_HEARTBEAT=999999 "$WATCH" > "$out"
tests/wake-helpers.sh: line 308: 71830 Killed: 9               PATH="$dir/fakebin:$PATH" FM_HOME="$dir" FM_PROCEVENT_CLAIM_ROOT="$dir/claims" FM_CREW_STATE_BIN="$dir/fakebin/fm-crew-state.sh" FM_POLL=0.2 FM_SIGNAL_GRACE=1 FM_CHECK_INTERVAL=999999 FM_HEARTBEAT=999999 "$WATCH" > "$out"
ok - surfacing failures replay until post-handling acknowledgement
ok - marker failure exits through the shared wake owner, releases its lock, and replays later
ok - a heartbeat with no captain-relevant change is absorbed and backs off the cadence
ok - heartbeat backstop fail-safe surfaces a captain-relevant status the per-wake path missed
ok - the heartbeat backstop surfaces a captain event hidden behind a later routine append
ok - the liveness beacon stays fresh while the watcher absorbs benign wakes (fm-guard never false-alarms)
ok - an afk signal records its captured heartbeat endpoint
ok - with .afk present the watcher reverts to one-shot so the daemon owns triage (no double-triage)
ok - AFK changed paused panes hand off plain stale identities for daemon-owned pause triage
ok - a captain-held item is never rechecked while the away-posture record exists, and the recheck returns once the record is archived
ok - a live captain-held pane is absorbed on first sight while the away-posture record exists
ok - a delivery the captain already holds is never rechecked while the away-posture record exists
ok - the daemon-owned one-shot never hands off a captain-held pane while the away-posture record exists
ok - a declared wait naming a near-future until time stays quiet until that time
ok - a wrong-year declared time cannot silence the watcher beyond the recheck cadence
ok - a declared wait whose until time has passed is rechecked at once, then held to the cadence
