ok - a busy worker below the turn-age bound remains working with no escalation
ok - a busy worker with a stable pane hash still escalates once its completed-turn age reaches the bound
ok - a busy worker whose pane hash changes every poll still escalates once its completed-turn age reaches the bound
ok - touching a busy worker's completed-turn marker resets the age and prevents an old-age escalation
ok - native progress resets busy age without a completed turn or notification
ok - repeated busy turn-age escalations reuse the existing escalation counter and demand deep inspection at the threshold
ok - the production default busy-turn-age bound is 3600s (5min under does not wedge, 66min over does)
ok - a busy worker past the turn bound whose own run reports fresh activity is not a wedge, while a quiet run still escalates
ok - a quiet worker whose own run reports fresh activity is not a wedge, while a quiet run still escalates
ok - a busy pane under a declared pause is rechecked on the long cadence, and lifting the pause restores the wedge escalation
ok - away mode hands a busy declared pause to the daemon as a plain stale, and lifting the declaration restores the wedge escalation
ok - away mode wakes the daemon once per declaration for a busy pane whose footer ticks on every capture
ok - matching non-terminal stale suppressors repair missing or corrupt stale-since timers
ok - a quiet pane writing its own worktree is deferred, while one writing nothing still wedge-escalates on the unchanged schedule
ok - a write deferral re-surfaces once on the bounded pause cadence, so a churning worktree cannot stay invisible
ok - a secondmate's own home supervision churn is not crew write evidence, so a pane recording that home keeps the unchanged escalation schedule
ok - an idle-window timer repair drops a finished write-deferral chain, so the next deferral gets a fresh re-surface window
ok - both first-sight paths through a captain-relevant status drop a finished write-deferral chain with the idle window
ok - triage log capping handles wc byte counts with leading spaces
ok - a captured process-event result wakes a healthy watcher proactively, with no manual drain
ok - an unacknowledged process-event result re-drains until handling is acknowledged
ok - complete process-event queue keys map to distinct seen markers
ok - process-event queue keys surface under their own headlines
ok - every launch-failure episode is delivered under the failed-to-start headline
WAKE_ACK_REQUIRED: after handling completes run bin/fm-wake-drain.sh --ack-through 1 --recovery-generation 32011.1790350789.bHrPHF
ok - queue revalidation, proactive output, and marker commit serialize with drain
/Users/marano/.no-mistakes/worktrees/2d7095a62a33/01M3CJE06F35TA90K83MRA9H4A/bin/fm-push-transition-lib.sh: line 96: echo: write error: Broken pipe
tests/wake-helpers.sh: line 309: 38158 Killed: 9               PATH="$dir/fakebin:$PATH" FM_HOME="$dir" FM_PROCEVENT_CLAIM_ROOT="$dir/claims" FM_CREW_STATE_BIN="$dir/fakebin/fm-crew-state.sh" FM_POLL=0.2 FM_SIGNAL_GRACE=1 FM_CHECK_INTERVAL=999999 FM_HEARTBEAT=999999 "$WATCH" > "$out"
tests/wake-helpers.sh: line 309: 40003 Killed: 9               PATH="$dir/fakebin:$PATH" FM_HOME="$dir" FM_PROCEVENT_CLAIM_ROOT="$dir/claims" FM_CREW_STATE_BIN="$dir/fakebin/fm-crew-state.sh" FM_POLL=0.2 FM_SIGNAL_GRACE=1 FM_CHECK_INTERVAL=999999 FM_HEARTBEAT=999999 "$WATCH" > "$out"
ok - surfacing failures replay until post-handling acknowledgement
ok - marker failure exits through the shared wake owner, releases its lock, and replays later
ok - a heartbeat with no captain-relevant change is absorbed and backs off the cadence
ok - heartbeat backstop fail-safe surfaces a captain-relevant status the per-wake path missed
ok - the heartbeat backstop surfaces a captain event hidden behind a later routine append
ok - the liveness beacon stays fresh while the watcher absorbs benign wakes (fm-guard never false-alarms)
ok - an afk signal records its captured heartbeat endpoint
ok - with .afk present the watcher reverts to one-shot so the daemon owns triage (no double-triage)
ok - AFK changed paused panes hand off plain stale identities for daemon-owned pause triage
ok - a captain-held item is never rechecked while the away-posture record exists, and the recheck returns once the record is archived
ok - a live captain-held pane is absorbed on first sight while the away-posture record exists
ok - a delivery the captain already holds is never rechecked while the away-posture record exists
ok - the daemon-owned one-shot never hands off a captain-held pane while the away-posture record exists
ok - a declared wait naming a near-future until time stays quiet until that time
ok - a wrong-year declared time cannot silence the watcher beyond the recheck cadence
ok - a declared wait whose until time has passed is rechecked at once, then held to the cadence
